Isomorphic pairs:

torus24.grl:
[0, 3] 96
[1, 2] 96

torus72.grl:
[0, 2] 288
[1, 5] 288
[3, 6] 288
[4, 7] 288

torus144.grl:
[0, 6] 576
[1, 7] 576
[2, 4] 576
[3, 10] 576
[5, 9] 1152
[8, 11] 576

products72.grl:
[0, 6] 288
[1, 5] 576
[2, 3] 576
[4, 7] 864

products216.grl:
[0, 6] 1728
[1, 7] 1728
[2, 9] 1728
[3, 8] 10368
[4, 5] 1728

cographs1.grl:
[0, 3] 5971968
[1, 2] 995328

trees11.grl:
[0, 3] 6
[1, 4] 1
[2, 5] 2

trees36.grl:
[0, 7] 2
[1, 4] 6
[2, 6] 2
[3, 5] 6

trees90.grl:
[0, 3] 6912
[1, 2] 20736

modulesC.grl:
[0, 7] 17915904
[1, 5] 17915904
[2, 4] 2488320
[3, 6] 2985984

modulesD.grl:
[0, 2] 24
[1, 3] 1
[4, 5] 24

cubes3.grl:
[0, 2] 48
[1, 3] 16

cubes5.grl:
[0, 1] 3840
[2, 3] 24

cubes6.grl:
[0, 1] 96
[2, 3] 46080

cubes7.grl:
[0, 3] 645120
[1, 2] 480

cubes9.grl:
[0, 1] 185794560
[2, 3] 20160

bigtrees1.grl:
[0, 2] 442368
[1, 3] 5308416

bigtrees2.grl:
[0, 3] 80244904034304
[1, 2] 160489808068608

bigtrees3.grl:
[0, 2] 2772351862699137701073289910157312
[1, 3] 462058643783189616845548318359552

wheeljoin14.grl:
[0, 1] 1600
[2, 3] 672
[4, 7] 1536
[5, 6] 720

wheeljoin33.grl:
[0, 4] 8257536
[1, 2] 7962624
[3, 5] 50577408
[6, 7] 1290240

whellstar12.grl:
[0, 3] 1935360
[1, 2] 6718464

wheelstar15.grl:
[0, 7] 1703116800
[1, 4] 3009871872
[2, 3] 10642046976
[5, 6] 2890137600